Archive member included to satisfy reference by file (symbol)

/usr/lib/gcc/arm-none-eabi/9.2.1/libgcc.a(_arm_muldf3.o)
                              build/obj/chprintf.o (__aeabi_dmul)
/usr/lib/gcc/arm-none-eabi/9.2.1/libgcc.a(_udivsi3.o)
                              build/obj/serial_lld.o (__aeabi_uidiv)
/usr/lib/gcc/arm-none-eabi/9.2.1/libgcc.a(_dvmd_tls.o)
                              /usr/lib/gcc/arm-none-eabi/9.2.1/libgcc.a(_udivsi3.o) (__aeabi_idiv0)
/usr/lib/gcc/arm-none-eabi/9.2.1/libgcc.a(_arm_addsubdf3.o)
                              build/obj/chprintf.o (__aeabi_dsub)
/usr/lib/gcc/arm-none-eabi/9.2.1/libgcc.a(_arm_fixdfsi.o)
                              build/obj/chprintf.o (__aeabi_d2iz)
/usr/lib/gcc/arm-none-eabi/9.2.1/libgcc.a(_arm_truncdfsf2.o)
                              build/obj/chprintf.o (__aeabi_d2f)
/usr/lib/gcc/arm-none-eabi/9.2.1/libgcc.a(_arm_cmpsf2.o)
                              build/obj/chprintf.o (__aeabi_fcmplt)
/usr/lib/gcc/arm-none-eabi/9.2.1/libgcc.a(_arm_fixsfsi.o)
                              build/obj/chprintf.o (__aeabi_f2iz)
/usr/lib/gcc/arm-none-eabi/9.2.1/../../../arm-none-eabi/lib/libc.a(lib_a-strcasecmp.o)
                              build/obj/shell.o (strcasecmp)
/usr/lib/gcc/arm-none-eabi/9.2.1/../../../arm-none-eabi/lib/libc.a(lib_a-strchr.o)
                              build/obj/shell.o (strchr)
/usr/lib/gcc/arm-none-eabi/9.2.1/../../../arm-none-eabi/lib/libc.a(lib_a-strspn.o)
                              build/obj/shell.o (strspn)
/usr/lib/gcc/arm-none-eabi/9.2.1/../../../arm-none-eabi/lib/libc.a(lib_a-ctype_.o)
                              /usr/lib/gcc/arm-none-eabi/9.2.1/../../../arm-none-eabi/lib/libc.a(lib_a-strcasecmp.o) (_ctype_)

Allocating common symbols
Common symbol       size              file

test_timer_done     0x4               build/obj/test.o
I2C1                0x40              build/obj/i2c_lld.o
I2C0                0x40              build/obj/i2c_lld.o
IOPORT1             0x18              build/obj/pal_lld.o
IOPORT0             0x18              build/obj/pal_lld.o
threads             0x14              build/obj/test.o
shell_terminated    0x4               build/obj/shell.o
SPI0                0x28              build/obj/spi_lld.o
test                0x578             build/obj/test.o
vtlist              0x10              build/obj/chvt.o
rlist               0x1c              build/obj/chschd.o
_idle_thread_wa     0x9c              build/obj/chsys.o
SD1                 0x74              build/obj/serial_lld.o

Discarded input sections

 .data          0x0000000000000000        0x0 build/obj/crt0.o
 .bss           0x0000000000000000        0x0 build/obj/crt0.o
 .data          0x0000000000000000        0x0 build/obj/chcoreasm.o
 .bss           0x0000000000000000        0x0 build/obj/chcoreasm.o
 .data          0x0000000000000000        0x0 build/obj/vectors.o
 .bss           0x0000000000000000        0x0 build/obj/vectors.o
 .text          0x0000000000000000        0x0 build/obj/chcore.o
 .data          0x0000000000000000        0x0 build/obj/chcore.o
 .bss           0x0000000000000000        0x0 build/obj/chcore.o
 .text.port_halt
                0x0000000000000000       0x18 build/obj/chcore.o
 .debug_info    0x0000000000000000      0x64e build/obj/chcore.o
 .debug_abbrev  0x0000000000000000      0x106 build/obj/chcore.o
 .debug_aranges
                0x0000000000000000       0x20 build/obj/chcore.o
 .debug_ranges  0x0000000000000000       0x10 build/obj/chcore.o
 .debug_line    0x0000000000000000      0x13d build/obj/chcore.o
 .debug_str     0x0000000000000000      0x4f2 build/obj/chcore.o
 .comment       0x0000000000000000       0x5a build/obj/chcore.o
 .debug_frame   0x0000000000000000       0x20 build/obj/chcore.o
 .ARM.attributes
                0x0000000000000000       0x2f build/obj/chcore.o
 .text          0x0000000000000000        0x0 build/obj/chsys.o
 .data          0x0000000000000000        0x0 build/obj/chsys.o
 .bss           0x0000000000000000        0x0 build/obj/chsys.o
 .text          0x0000000000000000        0x0 build/obj/chdebug.o
 .data          0x0000000000000000        0x0 build/obj/chdebug.o
 .bss           0x0000000000000000        0x0 build/obj/chdebug.o
 .debug_info    0x0000000000000000      0x634 build/obj/chdebug.o
 .debug_abbrev  0x0000000000000000       0xe8 build/obj/chdebug.o
 .debug_aranges
                0x0000000000000000       0x18 build/obj/chdebug.o
 .debug_line    0x0000000000000000       0xe9 build/obj/chdebug.o
 .debug_str     0x0000000000000000      0x4e6 build/obj/chdebug.o
 .comment       0x0000000000000000       0x5a build/obj/chdebug.o
 .ARM.attributes
                0x0000000000000000       0x37 build/obj/chdebug.o
 .text          0x0000000000000000        0x0 build/obj/chlists.o
 .data          0x0000000000000000        0x0 build/obj/chlists.o
 .bss           0x0000000000000000        0x0 build/obj/chlists.o
[...]
Memory Configuration

Name             Origin             Length             Attributes
ram              0x0000000000008000 0x0000000005ffffe0
*default*        0x0000000000000000 0xffffffffffffffff

Linker script and memory map

LOAD build/obj/crt0.o
LOAD build/obj/chcoreasm.o
LOAD build/obj/vectors.o
LOAD build/obj/chcore.o
LOAD build/obj/chsys.o
LOAD build/obj/chdebug.o
LOAD build/obj/chlists.o
LOAD build/obj/chvt.o
LOAD build/obj/chschd.o
LOAD build/obj/chthreads.o
LOAD build/obj/chdynamic.o
LOAD build/obj/chregistry.o
LOAD build/obj/chsem.o
LOAD build/obj/chmtx.o
LOAD build/obj/chcond.o
LOAD build/obj/chevents.o
LOAD build/obj/chmsg.o
LOAD build/obj/chmboxes.o
LOAD build/obj/chqueues.o
LOAD build/obj/chmemcore.o
LOAD build/obj/chheap.o
LOAD build/obj/chmempools.o
LOAD build/obj/test.o
LOAD build/obj/testthd.o
LOAD build/obj/testsem.o
LOAD build/obj/testmtx.o
LOAD build/obj/testmsg.o
LOAD build/obj/testmbox.o
LOAD build/obj/testevt.o
LOAD build/obj/testheap.o
LOAD build/obj/testpools.o
LOAD build/obj/testdyn.o
LOAD build/obj/testqueues.o
LOAD build/obj/testbmk.o
LOAD build/obj/hal.o
LOAD build/obj/adc.o
LOAD build/obj/can.o
LOAD build/obj/ext.o
LOAD build/obj/gpt.o
LOAD build/obj/i2c.o
LOAD build/obj/icu.o
LOAD build/obj/mac.o
LOAD build/obj/mmc_spi.o
LOAD build/obj/mmcsd.o
LOAD build/obj/pal.o
LOAD build/obj/pwm.o
LOAD build/obj/rtc.o
LOAD build/obj/sdc.o
LOAD build/obj/serial.o
LOAD build/obj/serial_usb.o
LOAD build/obj/spi.o
LOAD build/obj/tm.o
LOAD build/obj/uart.o
LOAD build/obj/usb.o
LOAD build/obj/hal_lld.o
LOAD build/obj/pal_lld.o
LOAD build/obj/serial_lld.o
LOAD build/obj/i2c_lld.o
LOAD build/obj/spi_lld.o
LOAD build/obj/gpt_lld.o
LOAD build/obj/pwm_lld.o
LOAD build/obj/bcm2835.o
LOAD build/obj/board.o
LOAD build/obj/shell.o
LOAD build/obj/chprintf.o
LOAD build/obj/main.o
START GROUP
LOAD /usr/lib/gcc/arm-none-eabi/9.2.1/libgcc.a
LOAD /usr/lib/gcc/arm-none-eabi/9.2.1/../../../arm-none-eabi/lib/libc.a
END GROUP
                0x0000000000000004                __und_stack_size__ = 0x4
                0x0000000000000004                __abt_stack_size__ = 0x4
                0x0000000000000010                __fiq_stack_size__ = 0x10
                0x0000000000000080                __irq_stack_size__ = 0x80
                0x0000000000000004                __svc_stack_size__ = 0x4
                0x0000000000000400                __sys_stack_size__ = 0x400
                0x000000000000049c                __stacks_total_size__ = (((((__und_stack_size__ + __abt_stack_size__) + __fiq_stack_size__) + __irq_stack_size__) + __svc_stack_size__) + __sys_stack_size__)
                0x0000000000008000                __ram_start__ = ORIGIN (ram)
                0x0000000005ffffe0                __ram_size__ = LENGTH (ram)
                0x0000000006007fe0                __ram_end__ = (__ram_start__ + __ram_size__)
                0x0000000000000000                . = 0x0

.text           0x0000000000008000     0x3156
                0x0000000000008000                _text = .
 *(vectors)
 vectors        0x0000000000008000       0x40 build/obj/vectors.o
 *(.text)
 .text          0x0000000000008040       0xa8 build/obj/crt0.o
                0x0000000000008040                ResetHandler
                0x00000000000080c0                _main_exit_handler
 *fill*         0x00000000000080e8        0x8 
 .text          0x00000000000080f0       0x84 build/obj/chcoreasm.o
                0x00000000000080f0                _port_switch_arm
                0x0000000000008100                _port_irq_common
                0x0000000000008160                _port_thread_start
 *fill*         0x0000000000008174        0xc 
 .text          0x0000000000008180       0x38 build/obj/vectors.o
                0x0000000000008180                UndHandler
                0x0000000000008180                PrefetchHandler
                0x0000000000008180                AbortHandler
                0x0000000000008180                _unhandled_exception
                0x0000000000008180                SwiHandler
                0x0000000000008180                FiqHandler
                0x0000000000008184                __early_init
                0x00000000000081a0                arm_enable_irq
                0x00000000000081b0                get_cpsr
 *fill*         0x00000000000081b8        0x8 
 .text          0x00000000000081c0      0x290 /usr/lib/gcc/arm-none-eabi/9.2.1/libgcc.a(_arm_muldf3.o)
                0x00000000000081c0                __aeabi_dmul
                0x00000000000081c0                __muldf3
 .text          0x0000000000008450      0x114 /usr/lib/gcc/arm-none-eabi/9.2.1/libgcc.a(_udivsi3.o)
                0x0000000000008450                __udivsi3
                0x0000000000008450                __aeabi_uidiv
                0x0000000000008544                __aeabi_uidivmod
 *fill*         0x0000000000008564        0xc 
 .text          0x0000000000008570        0x4 /usr/lib/gcc/arm-none-eabi/9.2.1/libgcc.a(_dvmd_tls.o)
                0x0000000000008570                __aeabi_ldiv0
                0x0000000000008570                __aeabi_idiv0
 *fill*         0x0000000000008574        0xc 
 .text          0x0000000000008580      0x424 /usr/lib/gcc/arm-none-eabi/9.2.1/libgcc.a(_arm_addsubdf3.o)
                0x0000000000008580                __aeabi_drsub
                0x0000000000008588                __aeabi_dsub
                0x0000000000008588                __subdf3
                0x000000000000858c                __adddf3
                0x000000000000858c                __aeabi_dadd
                0x000000000000889c                __aeabi_ui2d
                0x000000000000889c                __floatunsidf
                0x00000000000088c0                __floatsidf
                0x00000000000088c0                __aeabi_i2d
                0x00000000000088e8                __extendsfdf2
                0x00000000000088e8                __aeabi_f2d
                0x0000000000008930                __aeabi_ul2d
                0x0000000000008930                __floatundidf
                0x0000000000008944                __floatdidf
                0x0000000000008944                __aeabi_l2d
 *fill*         0x00000000000089a4        0xc 
 .text          0x00000000000089b0       0x5c /usr/lib/gcc/arm-none-eabi/9.2.1/libgcc.a(_arm_fixdfsi.o)
                0x00000000000089b0                __fixdfsi
                0x00000000000089b0                __aeabi_d2iz
 *fill*         0x0000000000008a0c        0x4 
 .text          0x0000000000008a10       0xa0 /usr/lib/gcc/arm-none-eabi/9.2.1/libgcc.a(_arm_truncdfsf2.o)
                0x0000000000008a10                __aeabi_d2f
                0x0000000000008a10                __truncdfsf2
 .text          0x0000000000008ab0      0x114 /usr/lib/gcc/arm-none-eabi/9.2.1/libgcc.a(_arm_cmpsf2.o)
                0x0000000000008ab0                __gtsf2
                0x0000000000008ab0                __gesf2
                0x0000000000008ab8                __lesf2
                0x0000000000008ab8                __ltsf2
                0x0000000000008ac0                __nesf2
                0x0000000000008ac0                __eqsf2
                0x0000000000008ac0                __cmpsf2
                0x0000000000008b24                __aeabi_cfrcmple
                0x0000000000008b34                __aeabi_cfcmple
                0x0000000000008b34                __aeabi_cfcmpeq
                0x0000000000008b4c                __aeabi_fcmpeq
                0x0000000000008b64                __aeabi_fcmplt
                0x0000000000008b7c                __aeabi_fcmple
                0x0000000000008b94                __aeabi_fcmpge
                0x0000000000008bac                __aeabi_fcmpgt
 *fill*         0x0000000000008bc4        0xc 
 .text          0x0000000000008bd0       0x5c /usr/lib/gcc/arm-none-eabi/9.2.1/libgcc.a(_arm_fixsfsi.o)
                0x0000000000008bd0                __fixsfsi
                0x0000000000008bd0                __aeabi_f2iz
 *(.text.*)
 *fill*         0x0000000000008c2c        0x4 
 .text._idle_thread
                0x0000000000008c30       0x20 build/obj/chsys.o
                0x0000000000008c30                _idle_thread
 .text.chSysInit
                0x0000000000008c50       0x78 build/obj/chsys.o
                0x0000000000008c50                chSysInit
 *fill*         0x0000000000008cc8        0x8 
 .text.chSysTimerHandlerI
                0x0000000000008cd0       0x90 build/obj/chsys.o
                0x0000000000008cd0                chSysTimerHandlerI
 .text._vt_init
                0x0000000000008d60       0x24 build/obj/chvt.o
                0x0000000000008d60                _vt_init
 *fill*         0x0000000000008d84        0xc 
 .text.chVTSetI
                0x0000000000008d90       0x60 build/obj/chvt.o
                0x0000000000008d90                chVTSetI
 .text.chVTResetI
                0x0000000000008df0       0x3c build/obj/chvt.o
                0x0000000000008df0                chVTResetI
 *fill*         0x0000000000008e2c        0x4 
 .text.wakeup   0x0000000000008e30       0xb0 build/obj/chschd.o
 .text._scheduler_init
                0x0000000000008ee0       0x24 build/obj/chschd.o
                0x0000000000008ee0                _scheduler_init
 *fill*         0x0000000000008f04        0xc 
 .text.chSchReadyI
                0x0000000000008f10       0x40 build/obj/chschd.o
                0x0000000000008f10                chSchReadyI
 .text.chSchGoSleepS
                0x0000000000008f50       0x44 build/obj/chschd.o
                0x0000000000008f50                chSchGoSleepS
 *fill*         0x0000000000008f94        0xc 
 .text.chSchGoSleepTimeoutS
                0x0000000000008fa0       0x74 build/obj/chschd.o
                0x0000000000008fa0                chSchGoSleepTimeoutS
 *fill*         0x0000000000009014        0xc 
 .text.chSchWakeupS
                0x0000000000009020       0xa0 build/obj/chschd.o
                0x0000000000009020                chSchWakeupS
 .text.chSchIsPreemptionRequired
                0x00000000000090c0       0x44 build/obj/chschd.o
                0x00000000000090c0                chSchIsPreemptionRequired
 *fill*         0x0000000000009104        0xc 
 .text.chSchDoRescheduleBehind
                0x0000000000009110       0x78 build/obj/chschd.o
                0x0000000000009110                chSchDoRescheduleBehind
 *fill*         0x0000000000009188        0x8 
 .text.chSchDoRescheduleAhead
                0x0000000000009190       0x70 build/obj/chschd.o
                0x0000000000009190                chSchDoRescheduleAhead
 .text.chSchDoReschedule
                0x0000000000009200       0x20 build/obj/chschd.o
                0x0000000000009200                chSchDoReschedule
 .text._thread_init
                0x0000000000009220       0x6c build/obj/chthreads.o
                0x0000000000009220                _thread_init
 *fill*         0x000000000000928c        0x4 
 .text.chThdCreateStatic
                0x0000000000009290       0xa8 build/obj/chthreads.o
                0x0000000000009290                chThdCreateStatic
 *fill*         0x0000000000009338        0x8 
 .text.chThdSleep
                0x0000000000009340       0x1c build/obj/chthreads.o
                0x0000000000009340                chThdSleep
 *fill*         0x000000000000935c        0x4 
 .text.chThdExitS
                0x0000000000009360       0x64 build/obj/chthreads.o
                0x0000000000009360                chThdExitS
 *fill*         0x00000000000093c4        0xc 
 .text.chThdExit
                0x00000000000093d0        0x8 build/obj/chthreads.o
                0x00000000000093d0                chThdExit
 *fill*         0x00000000000093d8        0x8 
 .text.chThdWait
                0x00000000000093e0       0x50 build/obj/chthreads.o
                0x00000000000093e0                chThdWait
 .text.chThdRelease
                0x0000000000009430       0x50 build/obj/chdynamic.o
                0x0000000000009430                chThdRelease
 .text.chMtxInit
                0x0000000000009480       0x14 build/obj/chmtx.o
                0x0000000000009480                chMtxInit
 *fill*         0x0000000000009494        0xc 
 .text.chMtxLockS
                0x00000000000094a0      0x17c build/obj/chmtx.o
                0x00000000000094a0                chMtxLockS
 *fill*         0x000000000000961c        0x4 
 .text.chMtxLock
                0x0000000000009620       0x14 build/obj/chmtx.o
                0x0000000000009620                chMtxLock
 *fill*         0x0000000000009634        0xc 
 .text.chMtxUnlock
                0x0000000000009640       0x9c build/obj/chmtx.o
                0x0000000000009640                chMtxUnlock
 *fill*         0x00000000000096dc        0x4 
 .text.chEvtSignalI
                0x00000000000096e0       0x50 build/obj/chevents.o
                0x00000000000096e0                chEvtSignalI
 .text.chEvtBroadcastFlagsI
                0x0000000000009730       0x40 build/obj/chevents.o
                0x0000000000009730                chEvtBroadcastFlagsI
 .text.qwait    0x0000000000009770       0x3c build/obj/chqueues.o
 *fill*         0x00000000000097ac        0x4 
 .text.chIQInit
                0x00000000000097b0       0x38 build/obj/chqueues.o
                0x00000000000097b0                chIQInit
 *fill*         0x00000000000097e8        0x8 
 .text.chIQPutI
                0x00000000000097f0       0x8c build/obj/chqueues.o
                0x00000000000097f0                chIQPutI
 *fill*         0x000000000000987c        0x4 
 .text.chIQGetTimeout
                0x0000000000009880       0x74 build/obj/chqueues.o
                0x0000000000009880                chIQGetTimeout
 *fill*         0x00000000000098f4        0xc 
 .text.chIQReadTimeout
                0x0000000000009900       0xa8 build/obj/chqueues.o
                0x0000000000009900                chIQReadTimeout
 *fill*         0x00000000000099a8        0x8 
 .text.chOQInit
                0x00000000000099b0       0x34 build/obj/chqueues.o
                0x00000000000099b0                chOQInit
 *fill*         0x00000000000099e4        0xc 
 .text.chOQPutTimeout
                0x00000000000099f0       0x8c build/obj/chqueues.o
                0x00000000000099f0                chOQPutTimeout
 *fill*         0x0000000000009a7c        0x4 
 .text.chOQGetI
                0x0000000000009a80       0x7c build/obj/chqueues.o
                0x0000000000009a80                chOQGetI
 *fill*         0x0000000000009afc        0x4 
 .text.chOQWriteTimeout
                0x0000000000009b00       0xb0 build/obj/chqueues.o
                0x0000000000009b00                chOQWriteTimeout
 .text._core_init
                0x0000000000009bb0       0x34 build/obj/chmemcore.o
                0x0000000000009bb0                _core_init
 *fill*         0x0000000000009be4        0xc 
 .text.chCoreAlloc
                0x0000000000009bf0       0x44 build/obj/chmemcore.o
                0x0000000000009bf0                chCoreAlloc
 *fill*         0x0000000000009c34        0xc 
 .text._heap_init
                0x0000000000009c40       0x28 build/obj/chheap.o
                0x0000000000009c40                _heap_init
 *fill*         0x0000000000009c68        0x8 
 .text.chHeapFree
                0x0000000000009c70       0xb8 build/obj/chheap.o
                0x0000000000009c70                chHeapFree
 *fill*         0x0000000000009d28        0x8 
 .text.halInit  0x0000000000009d30       0x2c build/obj/hal.o
                0x0000000000009d30                halInit
 *fill*         0x0000000000009d5c        0x4 
 .text.i2cInit  0x0000000000009d60        0x4 build/obj/i2c.o
                0x0000000000009d60                i2cInit
 *fill*         0x0000000000009d64        0xc 
 .text.i2cObjectInit
                0x0000000000009d70       0x18 build/obj/i2c.o
                0x0000000000009d70                i2cObjectInit
 *fill*         0x0000000000009d88        0x8 
 .text.readt    0x0000000000009d90        0x8 build/obj/serial.o
 *fill*         0x0000000000009d98        0x8 
 .text.read     0x0000000000009da0        0xc build/obj/serial.o
 *fill*         0x0000000000009dac        0x4 
 .text.writet   0x0000000000009db0        0x8 build/obj/serial.o
 *fill*         0x0000000000009db8        0x8 
 .text.write    0x0000000000009dc0        0xc build/obj/serial.o
 *fill*         0x0000000000009dcc        0x4 
 .text.gett     0x0000000000009dd0        0x8 build/obj/serial.o
 *fill*         0x0000000000009dd8        0x8 
 .text.get      0x0000000000009de0        0xc build/obj/serial.o
 *fill*         0x0000000000009dec        0x4 
 .text.putt     0x0000000000009df0        0x8 build/obj/serial.o
 *fill*         0x0000000000009df8        0x8 
 .text.put      0x0000000000009e00        0xc build/obj/serial.o
 *fill*         0x0000000000009e0c        0x4 
 .text.sdInit   0x0000000000009e10        0x4 build/obj/serial.o
                0x0000000000009e10                sdInit
 *fill*         0x0000000000009e14        0xc 
 .text.sdObjectInit
                0x0000000000009e20       0x60 build/obj/serial.o
                0x0000000000009e20                sdObjectInit
 .text.sdStart  0x0000000000009e80       0x20 build/obj/serial.o
                0x0000000000009e80                sdStart
 .text.sdIncomingDataI
                0x0000000000009ea0       0x4c build/obj/serial.o
                0x0000000000009ea0                sdIncomingDataI
 *fill*         0x0000000000009eec        0x4 
 .text.sdRequestDataI
                0x0000000000009ef0       0x34 build/obj/serial.o
                0x0000000000009ef0                sdRequestDataI
 *fill*         0x0000000000009f24        0xc 
 .text.spiInit  0x0000000000009f30        0x4 build/obj/spi.o
                0x0000000000009f30                spiInit
 *fill*         0x0000000000009f34        0xc 
 .text.spiObjectInit
                0x0000000000009f40       0x1c build/obj/spi.o
                0x0000000000009f40                spiObjectInit
 *fill*         0x0000000000009f5c        0x4 
 .text.tm_start
                0x0000000000009f60       0x14 build/obj/tm.o
 *fill*         0x0000000000009f74        0xc 
 .text.tm_stop  0x0000000000009f80       0x4c build/obj/tm.o
 *fill*         0x0000000000009fcc        0x4 
 .text.tmInit   0x0000000000009fd0       0x64 build/obj/tm.o
                0x0000000000009fd0                tmInit
 *fill*         0x000000000000a034        0xc 
 .text.IrqHandler
                0x000000000000a040       0x40 build/obj/hal_lld.o
                0x000000000000a040                IrqHandler
 .text.hal_lld_init
                0x000000000000a080       0x50 build/obj/hal_lld.o
                0x000000000000a080                hal_lld_init
 .text.set_gpio_in.isra.0
                0x000000000000a0d0       0x40 build/obj/pal_lld.o
 .text._pal_lld_init
                0x000000000000a110       0x98 build/obj/pal_lld.o
                0x000000000000a110                _pal_lld_init
 *fill*         0x000000000000a1a8        0x8 
 .text.output_notify
                0x000000000000a1b0       0x18 build/obj/serial_lld.o
 *fill*         0x000000000000a1c8        0x8 
 .text.sd_lld_serve_interrupt
                0x000000000000a1d0       0xa8 build/obj/serial_lld.o
                0x000000000000a1d0                sd_lld_serve_interrupt
 *fill*         0x000000000000a278        0x8 
 .text.sd_lld_init
                0x000000000000a280       0x18 build/obj/serial_lld.o
                0x000000000000a280                sd_lld_init
 *fill*         0x000000000000a298        0x8 
 .text.sd_lld_start
                0x000000000000a2a0       0xc4 build/obj/serial_lld.o
                0x000000000000a2a0                sd_lld_start
 *fill*         0x000000000000a364        0xc 
 .text.i2c_lld_serve_interrupt
                0x000000000000a370      0x140 build/obj/i2c_lld.o
                0x000000000000a370                i2c_lld_serve_interrupt
 .text.i2c_lld_init
                0x000000000000a4b0       0x18 build/obj/i2c_lld.o
                0x000000000000a4b0                i2c_lld_init
 *fill*         0x000000000000a4c8        0x8 
 .text.spi_lld_serve_interrupt
                0x000000000000a4d0      0x174 build/obj/spi_lld.o
                0x000000000000a4d0                spi_lld_serve_interrupt
 *fill*         0x000000000000a644        0xc 
 .text.spi_lld_init
                0x000000000000a650        0xc build/obj/spi_lld.o
                0x000000000000a650                spi_lld_init
 *fill*         0x000000000000a65c        0x4 
 .text.bcm2835_gpio_fnsel
                0x000000000000a660       0x4c build/obj/bcm2835.o
                0x000000000000a660                bcm2835_gpio_fnsel
 *fill*         0x000000000000a6ac        0x4 
 .text.bcm2835_delay
                0x000000000000a6b0       0x3c build/obj/bcm2835.o
                0x000000000000a6b0                bcm2835_delay
 *fill*         0x000000000000a6ec        0x4 
 .text.boardInit
                0x000000000000a6f0        0x4 build/obj/board.o
                0x000000000000a6f0                boardInit
 *fill*         0x000000000000a6f4        0xc 
 .text.chprintf
                0x000000000000a700      0x7c0 build/obj/chprintf.o
                0x000000000000a700                chprintf
 .text.Thread_LCD
                0x000000000000aec0       0xc8 build/obj/main.o
 *fill*         0x000000000000af88        0x8 
 .text.startup.main
                0x000000000000af90      0x110 build/obj/main.o
                0x000000000000af90                main
 *(.rodata)
 *(.rodata.*)
 .rodata._idle_thread.str1.4
                0x000000000000b0a0        0x5 build/obj/chsys.o
 *fill*         0x000000000000b0a5        0xb 
 .rodata.ch_debug
                0x000000000000b0b0       0x16 build/obj/chregistry.o
                0x000000000000b0b0                ch_debug
 *fill*         0x000000000000b0c6        0xa 
 .rodata.vmt    0x000000000000b0d0       0x20 build/obj/serial.o
 .rodata.default_config
                0x000000000000b0f0        0x4 build/obj/serial_lld.o
 *fill*         0x000000000000b0f4        0xc 
 .rodata.pal_default_config
                0x000000000000b100        0x0 build/obj/board.o
                0x000000000000b100                pal_default_config
 .rodata.chprintf.str1.4
                0x000000000000b100        0x7 build/obj/chprintf.o
 *fill*         0x000000000000b107        0x9 
 .rodata.Thread_LCD.str1.4
                0x000000000000b110       0x16 build/obj/main.o
 *fill*         0x000000000000b126        0xa 
 .rodata.main.str1.4
                0x000000000000b130       0x26 build/obj/main.o
 *(.glue_7t)
 .glue_7t       0x000000000000b156        0x0 linker stubs
 *(.glue_7)
 .glue_7        0x000000000000b156        0x0 linker stubs
 *(.gcc*)
 *(.ctors)
 *(.dtors)

.vfp11_veneer   0x000000000000b158        0x0
 .vfp11_veneer  0x000000000000b158        0x0 linker stubs

.v4_bx          0x000000000000b158        0x0
 .v4_bx         0x000000000000b158        0x0 linker stubs

.iplt           0x000000000000b158        0x0
 .iplt          0x000000000000b158        0x0 build/obj/crt0.o

.rel.dyn        0x000000000000b158        0x0
 .rel.iplt      0x000000000000b158        0x0 build/obj/crt0.o

.ARM.extab
 *(.ARM.extab* .gnu.linkonce.armextab.*)
                0x000000000000b156                __exidx_start = .

.ARM.exidx
 *(.ARM.exidx* .gnu.linkonce.armexidx.*)
                0x000000000000b156                __exidx_end = .

.eh_frame_hdr
 *(.eh_frame_hdr)

.eh_frame
 *(.eh_frame)
                0x000000000000b158                . = ALIGN (0x4)
                0x000000000000b158                _etext = .
                0x000000000000b158                _textdata = _etext

.data           0x000000000000b156        0x2
                0x000000000000b156                _data = .
 *(.data)
                0x000000000000b158                . = ALIGN (0x4)
 *fill*         0x000000000000b156        0x2 
 *(.data.*)
                0x000000000000b158                . = ALIGN (0x4)
 *(.ramtext)
                0x000000000000b158                . = ALIGN (0x4)
                0x000000000000b158                _edata = .

.igot.plt       0x000000000000b158        0x0
 .igot.plt      0x000000000000b158        0x0 build/obj/crt0.o

.bss            0x000000000000b158      0x398
                0x000000000000b158                _bss_start = .
 *(.bss)
                0x000000000000b158                . = ALIGN (0x4)
 *(.bss.*)
 .bss.mainthread.4744
                0x000000000000b158       0x44 build/obj/chsys.o
 .bss.endmem    0x000000000000b19c        0x4 build/obj/chmemcore.o
 .bss.nextmem   0x000000000000b1a0        0x4 build/obj/chmemcore.o
 .bss.default_heap
                0x000000000000b1a4       0x1c build/obj/chheap.o
 .bss.measurement_offset
                0x000000000000b1c0        0x4 build/obj/tm.o
 .bss.waThread_LCD
                0x000000000000b1c4      0x118 build/obj/main.o
                0x000000000000b2dc                . = ALIGN (0x4)
 *(COMMON)
 COMMON         0x000000000000b2dc       0x9c build/obj/chsys.o
                0x000000000000b2dc                _idle_thread_wa
 COMMON         0x000000000000b378       0x10 build/obj/chvt.o
                0x000000000000b378                vtlist
 COMMON         0x000000000000b388       0x1c build/obj/chschd.o
                0x000000000000b388                rlist
 COMMON         0x000000000000b3a4       0x30 build/obj/pal_lld.o
                0x000000000000b3a4                IOPORT1
                0x000000000000b3bc                IOPORT0
 COMMON         0x000000000000b3d4       0x74 build/obj/serial_lld.o
                0x000000000000b3d4                SD1
 COMMON         0x000000000000b448       0x80 build/obj/i2c_lld.o
                0x000000000000b448                I2C1
                0x000000000000b488                I2C0
 COMMON         0x000000000000b4c8       0x28 build/obj/spi_lld.o
                0x000000000000b4c8                SPI0
                0x000000000000b4f0                . = ALIGN (0x4)
                0x000000000000b4f0                _bss_end = .
                [!provide]                        PROVIDE (end = .)
                0x000000000000b4f0                _end = .
                0x000000000000b4f0                __heap_base__ = _end
                0x0000000006007b44                __heap_end__ = (__ram_end__ - __stacks_total_size__)
                0x0000000006007b44                __main_thread_stack_base__ = (__ram_end__ - __stacks_total_size__)
OUTPUT(build/ch.elf elf32-littlearm)
LOAD linker stubs

.ARM.attributes
                0x0000000000000000       0x2b
 .ARM.attributes
                0x0000000000000000       0x1d build/obj/crt0.o
 .ARM.attributes
                0x000000000000001d       0x1d build/obj/chcoreasm.o
 .ARM.attributes
                0x000000000000003a       0x1d build/obj/vectors.o
 .ARM.attributes
                0x0000000000000057       0x2f build/obj/chsys.o
 .ARM.attributes
                0x0000000000000086       0x2f build/obj/chvt.o
 .ARM.attributes
                0x00000000000000b5       0x2f build/obj/chschd.o
 .ARM.attributes
                0x00000000000000e4       0x2f build/obj/chthreads.o
 .ARM.attributes
                0x0000000000000113       0x2f build/obj/chdynamic.o
 .ARM.attributes
                0x0000000000000142       0x2f build/obj/chregistry.o
 .ARM.attributes
                0x0000000000000171       0x2f build/obj/chmtx.o
 .ARM.attributes
                0x00000000000001a0       0x2f build/obj/chevents.o
 .ARM.attributes
                0x00000000000001cf       0x2f build/obj/chqueues.o
 .ARM.attributes
                0x00000000000001fe       0x2f build/obj/chmemcore.o
 .ARM.attributes
                0x000000000000022d       0x2f build/obj/chheap.o
 .ARM.attributes
                0x000000000000025c       0x2f build/obj/hal.o
 .ARM.attributes
                0x000000000000028b       0x2f build/obj/i2c.o
 .ARM.attributes
                0x00000000000002ba       0x2f build/obj/serial.o
 .ARM.attributes
                0x00000000000002e9       0x2f build/obj/spi.o
 .ARM.attributes
                0x0000000000000318       0x2f build/obj/tm.o
 .ARM.attributes
                0x0000000000000347       0x2f build/obj/hal_lld.o
 .ARM.attributes
                0x0000000000000376       0x2f build/obj/pal_lld.o
 .ARM.attributes
                0x00000000000003a5       0x2f build/obj/serial_lld.o
 .ARM.attributes
                0x00000000000003d4       0x2f build/obj/i2c_lld.o
 .ARM.attributes
                0x0000000000000403       0x2f build/obj/spi_lld.o
 .ARM.attributes
                0x0000000000000432       0x2f build/obj/bcm2835.o
 .ARM.attributes
                0x0000000000000461       0x2f build/obj/board.o
 .ARM.attributes
                0x0000000000000490       0x2f build/obj/chprintf.o
 .ARM.attributes
                0x00000000000004bf       0x2f build/obj/main.o
 .ARM.attributes
                0x00000000000004ee       0x1c /usr/lib/gcc/arm-none-eabi/9.2.1/libgcc.a(_arm_muldf3.o)
 .ARM.attributes
                0x000000000000050a       0x1c /usr/lib/gcc/arm-none-eabi/9.2.1/libgcc.a(_udivsi3.o)
 .ARM.attributes
                0x0000000000000526       0x1c /usr/lib/gcc/arm-none-eabi/9.2.1/libgcc.a(_dvmd_tls.o)
 .ARM.attributes
                0x0000000000000542       0x1c /usr/lib/gcc/arm-none-eabi/9.2.1/libgcc.a(_arm_addsubdf3.o)
 .ARM.attributes
                0x000000000000055e       0x1c /usr/lib/gcc/arm-none-eabi/9.2.1/libgcc.a(_arm_fixdfsi.o)
 .ARM.attributes
                0x000000000000057a       0x1c /usr/lib/gcc/arm-none-eabi/9.2.1/libgcc.a(_arm_truncdfsf2.o)
 .ARM.attributes
                0x0000000000000596       0x1c /usr/lib/gcc/arm-none-eabi/9.2.1/libgcc.a(_arm_cmpsf2.o)
 .ARM.attributes
                0x00000000000005b2       0x1c /usr/lib/gcc/arm-none-eabi/9.2.1/libgcc.a(_arm_fixsfsi.o)

.comment        0x0000000000000000       0x59
 .comment       0x0000000000000000       0x59 build/obj/chsys.o
                                         0x5a (size before relaxing)
 .comment       0x0000000000000059       0x5a build/obj/chvt.o
 .comment       0x0000000000000059       0x5a build/obj/chschd.o
 .comment       0x0000000000000059       0x5a build/obj/chthreads.o
 .comment       0x0000000000000059       0x5a build/obj/chdynamic.o
 .comment       0x0000000000000059       0x5a build/obj/chregistry.o
 .comment       0x0000000000000059       0x5a build/obj/chmtx.o
 .comment       0x0000000000000059       0x5a build/obj/chevents.o
 .comment       0x0000000000000059       0x5a build/obj/chqueues.o
 .comment       0x0000000000000059       0x5a build/obj/chmemcore.o
 .comment       0x0000000000000059       0x5a build/obj/chheap.o
 .comment       0x0000000000000059       0x5a build/obj/hal.o
 .comment       0x0000000000000059       0x5a build/obj/i2c.o
 .comment       0x0000000000000059       0x5a build/obj/serial.o
 .comment       0x0000000000000059       0x5a build/obj/spi.o
 .comment       0x0000000000000059       0x5a build/obj/tm.o
 .comment       0x0000000000000059       0x5a build/obj/hal_lld.o
 .comment       0x0000000000000059       0x5a build/obj/pal_lld.o
 .comment       0x0000000000000059       0x5a build/obj/serial_lld.o
 .comment       0x0000000000000059       0x5a build/obj/i2c_lld.o
 .comment       0x0000000000000059       0x5a build/obj/spi_lld.o
 .comment       0x0000000000000059       0x5a build/obj/bcm2835.o
 .comment       0x0000000000000059       0x5a build/obj/board.o
 .comment       0x0000000000000059       0x5a build/obj/chprintf.o
 .comment       0x0000000000000059       0x5a build/obj/main.o

.debug_info     0x0000000000000000    0x14ffb
 .debug_info    0x0000000000000000      0x7bd build/obj/chsys.o
 .debug_info    0x00000000000007bd      0x757 build/obj/chvt.o
 .debug_info    0x0000000000000f14      0xc17 build/obj/chschd.o
 .debug_info    0x0000000000001b2b      0xc24 build/obj/chthreads.o
 .debug_info    0x000000000000274f      0x8e5 build/obj/chdynamic.o
 .debug_info    0x0000000000003034      0x6e3 build/obj/chregistry.o
 .debug_info    0x0000000000003717      0xc26 build/obj/chmtx.o
 .debug_info    0x000000000000433d      0xd4e build/obj/chevents.o
 .debug_info    0x000000000000508b      0xd69 build/obj/chqueues.o
 .debug_info    0x0000000000005df4      0x785 build/obj/chmemcore.o
 .debug_info    0x0000000000006579      0x9d0 build/obj/chheap.o
 .debug_info    0x0000000000006f49      0xf9a build/obj/hal.o
 .debug_info    0x0000000000007ee3     0x1145 build/obj/i2c.o
 .debug_info    0x0000000000009028     0x14db build/obj/serial.o
 .debug_info    0x000000000000a503     0x1435 build/obj/spi.o
 .debug_info    0x000000000000b938      0xf7d build/obj/tm.o
 .debug_info    0x000000000000c8b5      0xf46 build/obj/hal_lld.o
 .debug_info    0x000000000000d7fb     0x115d build/obj/pal_lld.o
 .debug_info    0x000000000000e958     0x11a2 build/obj/serial_lld.o
 .debug_info    0x000000000000fafa     0x128b build/obj/i2c_lld.o
 .debug_info    0x0000000000010d85     0x1380 build/obj/spi_lld.o
 .debug_info    0x0000000000012105      0x128 build/obj/bcm2835.o
 .debug_info    0x000000000001222d      0xdf3 build/obj/board.o
 .debug_info    0x0000000000013020      0xcce build/obj/chprintf.o
 .debug_info    0x0000000000013cee     0x11dd build/obj/main.o
 .debug_info    0x0000000000014ecb       0x26 /usr/lib/gcc/arm-none-eabi/9.2.1/libgcc.a(_arm_muldf3.o)
 .debug_info    0x0000000000014ef1       0x26 /usr/lib/gcc/arm-none-eabi/9.2.1/libgcc.a(_udivsi3.o)
 .debug_info    0x0000000000014f17       0x26 /usr/lib/gcc/arm-none-eabi/9.2.1/libgcc.a(_dvmd_tls.o)
 .debug_info    0x0000000000014f3d       0x26 /usr/lib/gcc/arm-none-eabi/9.2.1/libgcc.a(_arm_addsubdf3.o)
 .debug_info    0x0000000000014f63       0x26 /usr/lib/gcc/arm-none-eabi/9.2.1/libgcc.a(_arm_fixdfsi.o)
 .debug_info    0x0000000000014f89       0x26 /usr/lib/gcc/arm-none-eabi/9.2.1/libgcc.a(_arm_truncdfsf2.o)
 .debug_info    0x0000000000014faf       0x26 /usr/lib/gcc/arm-none-eabi/9.2.1/libgcc.a(_arm_cmpsf2.o)
 .debug_info    0x0000000000014fd5       0x26 /usr/lib/gcc/arm-none-eabi/9.2.1/libgcc.a(_arm_fixsfsi.o)

.debug_abbrev   0x0000000000000000     0x3d43
 .debug_abbrev  0x0000000000000000      0x1d9 build/obj/chsys.o
 .debug_abbrev  0x00000000000001d9      0x1b0 build/obj/chvt.o
 .debug_abbrev  0x0000000000000389      0x37b build/obj/chschd.o
 .debug_abbrev  0x0000000000000704      0x34d build/obj/chthreads.o
 .debug_abbrev  0x0000000000000a51      0x20a build/obj/chdynamic.o
 .debug_abbrev  0x0000000000000c5b      0x16b build/obj/chregistry.o
 .debug_abbrev  0x0000000000000dc6      0x314 build/obj/chmtx.o
 .debug_abbrev  0x00000000000010da      0x2d2 build/obj/chevents.o
 .debug_abbrev  0x00000000000013ac      0x34f build/obj/chqueues.o
 .debug_abbrev  0x00000000000016fb      0x1f3 build/obj/chmemcore.o
 .debug_abbrev  0x00000000000018ee      0x210 build/obj/chheap.o
 .debug_abbrev  0x0000000000001afe      0x264 build/obj/hal.o
 .debug_abbrev  0x0000000000001d62      0x241 build/obj/i2c.o
 .debug_abbrev  0x0000000000001fa3      0x298 build/obj/serial.o
 .debug_abbrev  0x000000000000223b      0x233 build/obj/spi.o
 .debug_abbrev  0x000000000000246e      0x270 build/obj/tm.o
 .debug_abbrev  0x00000000000026de      0x23f build/obj/hal_lld.o
 .debug_abbrev  0x000000000000291d      0x296 build/obj/pal_lld.o
 .debug_abbrev  0x0000000000002bb3      0x346 build/obj/serial_lld.o
 .debug_abbrev  0x0000000000002ef9      0x33c build/obj/i2c_lld.o
 .debug_abbrev  0x0000000000003235      0x382 build/obj/spi_lld.o
 .debug_abbrev  0x00000000000035b7       0xc0 build/obj/bcm2835.o
 .debug_abbrev  0x0000000000003677      0x181 build/obj/board.o
 .debug_abbrev  0x00000000000037f8      0x28b build/obj/chprintf.o
 .debug_abbrev  0x0000000000003a83      0x220 build/obj/main.o
 .debug_abbrev  0x0000000000003ca3       0x14 /usr/lib/gcc/arm-none-eabi/9.2.1/libgcc.a(_arm_muldf3.o)
 .debug_abbrev  0x0000000000003cb7       0x14 /usr/lib/gcc/arm-none-eabi/9.2.1/libgcc.a(_udivsi3.o)
 .debug_abbrev  0x0000000000003ccb       0x14 /usr/lib/gcc/arm-none-eabi/9.2.1/libgcc.a(_dvmd_tls.o)
 .debug_abbrev  0x0000000000003cdf       0x14 /usr/lib/gcc/arm-none-eabi/9.2.1/libgcc.a(_arm_addsubdf3.o)
 .debug_abbrev  0x0000000000003cf3       0x14 /usr/lib/gcc/arm-none-eabi/9.2.1/libgcc.a(_arm_fixdfsi.o)
 .debug_abbrev  0x0000000000003d07       0x14 /usr/lib/gcc/arm-none-eabi/9.2.1/libgcc.a(_arm_truncdfsf2.o)
 .debug_abbrev  0x0000000000003d1b       0x14 /usr/lib/gcc/arm-none-eabi/9.2.1/libgcc.a(_arm_cmpsf2.o)
 .debug_abbrev  0x0000000000003d2f       0x14 /usr/lib/gcc/arm-none-eabi/9.2.1/libgcc.a(_arm_fixsfsi.o)

.debug_loc      0x0000000000000000     0x5029
 .debug_loc     0x0000000000000000       0x37 build/obj/chsys.o
 .debug_loc     0x0000000000000037      0x117 build/obj/chvt.o
 .debug_loc     0x000000000000014e      0x3bd build/obj/chschd.o
 .debug_loc     0x000000000000050b      0x4ef build/obj/chthreads.o
 .debug_loc     0x00000000000009fa      0x117 build/obj/chdynamic.o
 .debug_loc     0x0000000000000b11       0x4f build/obj/chregistry.o
 .debug_loc     0x0000000000000b60      0x498 build/obj/chmtx.o
 .debug_loc     0x0000000000000ff8      0x6bb build/obj/chevents.o
 .debug_loc     0x00000000000016b3      0x579 build/obj/chqueues.o
 .debug_loc     0x0000000000001c2c      0x137 build/obj/chmemcore.o
 .debug_loc     0x0000000000001d63      0x436 build/obj/chheap.o
 .debug_loc     0x0000000000002199      0x131 build/obj/hal.o
 .debug_loc     0x00000000000022ca      0x267 build/obj/i2c.o
 .debug_loc     0x0000000000002531      0x579 build/obj/serial.o
 .debug_loc     0x0000000000002aaa      0x4ac build/obj/spi.o
 .debug_loc     0x0000000000002f56       0x4e build/obj/tm.o
 .debug_loc     0x0000000000002fa4       0x96 build/obj/hal_lld.o
 .debug_loc     0x000000000000303a      0x327 build/obj/pal_lld.o
 .debug_loc     0x0000000000003361      0x1ee build/obj/serial_lld.o
 .debug_loc     0x000000000000354f      0x409 build/obj/i2c_lld.o
 .debug_loc     0x0000000000003958      0x405 build/obj/spi_lld.o
 .debug_loc     0x0000000000003d5d       0xbb build/obj/bcm2835.o
 .debug_loc     0x0000000000003e18     0x11bc build/obj/chprintf.o
 .debug_loc     0x0000000000004fd4       0x55 build/obj/main.o

.debug_aranges  0x0000000000000000      0x8a8
 .debug_aranges
                0x0000000000000000       0x30 build/obj/chsys.o
 .debug_aranges
                0x0000000000000030       0x38 build/obj/chvt.o
 .debug_aranges
                0x0000000000000068       0x70 build/obj/chschd.o
 .debug_aranges
                0x00000000000000d8       0x78 build/obj/chthreads.o
 .debug_aranges
                0x0000000000000150       0x30 build/obj/chdynamic.o
 .debug_aranges
                0x0000000000000180       0x28 build/obj/chregistry.o
 .debug_aranges
                0x00000000000001a8       0x58 build/obj/chmtx.o
 .debug_aranges
                0x0000000000000200       0xa0 build/obj/chevents.o
 .debug_aranges
                0x00000000000002a0       0x70 build/obj/chqueues.o
 .debug_aranges
                0x0000000000000310       0x38 build/obj/chmemcore.o
 .debug_aranges
                0x0000000000000348       0x40 build/obj/chheap.o
 .debug_aranges
                0x0000000000000388       0x30 build/obj/hal.o
 .debug_aranges
                0x00000000000003b8       0x60 build/obj/i2c.o
 .debug_aranges
                0x0000000000000418       0x88 build/obj/serial.o
 .debug_aranges
                0x00000000000004a0       0x98 build/obj/spi.o
 .debug_aranges
                0x0000000000000538       0x38 build/obj/tm.o
 .debug_aranges
                0x0000000000000570       0x48 build/obj/hal_lld.o
 .debug_aranges
                0x00000000000005b8       0x40 build/obj/pal_lld.o
 .debug_aranges
                0x00000000000005f8       0x60 build/obj/serial_lld.o
 .debug_aranges
                0x0000000000000658       0x50 build/obj/i2c_lld.o
 .debug_aranges
                0x00000000000006a8       0x70 build/obj/spi_lld.o
 .debug_aranges
                0x0000000000000718       0x28 build/obj/bcm2835.o
 .debug_aranges
                0x0000000000000740       0x20 build/obj/board.o
 .debug_aranges
                0x0000000000000760       0x20 build/obj/chprintf.o
 .debug_aranges
                0x0000000000000780       0x28 build/obj/main.o
 .debug_aranges
                0x00000000000007a8       0x20 /usr/lib/gcc/arm-none-eabi/9.2.1/libgcc.a(_arm_muldf3.o)
 .debug_aranges
                0x00000000000007c8       0x20 /usr/lib/gcc/arm-none-eabi/9.2.1/libgcc.a(_udivsi3.o)
 .debug_aranges
                0x00000000000007e8       0x20 /usr/lib/gcc/arm-none-eabi/9.2.1/libgcc.a(_dvmd_tls.o)
 .debug_aranges
                0x0000000000000808       0x20 /usr/lib/gcc/arm-none-eabi/9.2.1/libgcc.a(_arm_addsubdf3.o)
 .debug_aranges
                0x0000000000000828       0x20 /usr/lib/gcc/arm-none-eabi/9.2.1/libgcc.a(_arm_fixdfsi.o)
 .debug_aranges
                0x0000000000000848       0x20 /usr/lib/gcc/arm-none-eabi/9.2.1/libgcc.a(_arm_truncdfsf2.o)
 .debug_aranges
                0x0000000000000868       0x20 /usr/lib/gcc/arm-none-eabi/9.2.1/libgcc.a(_arm_cmpsf2.o)
 .debug_aranges
                0x0000000000000888       0x20 /usr/lib/gcc/arm-none-eabi/9.2.1/libgcc.a(_arm_fixsfsi.o)

.debug_ranges   0x0000000000000000      0xce8
 .debug_ranges  0x0000000000000000       0x38 build/obj/chsys.o
 .debug_ranges  0x0000000000000038       0x28 build/obj/chvt.o
 .debug_ranges  0x0000000000000060      0x1a0 build/obj/chschd.o
 .debug_ranges  0x0000000000000200       0xc8 build/obj/chthreads.o
 .debug_ranges  0x00000000000002c8       0x20 build/obj/chdynamic.o
 .debug_ranges  0x00000000000002e8       0x18 build/obj/chregistry.o
 .debug_ranges  0x0000000000000300      0x1e0 build/obj/chmtx.o
 .debug_ranges  0x00000000000004e0       0xa8 build/obj/chevents.o
 .debug_ranges  0x0000000000000588       0xe0 build/obj/chqueues.o
 .debug_ranges  0x0000000000000668       0x28 build/obj/chmemcore.o
 .debug_ranges  0x0000000000000690       0x30 build/obj/chheap.o
 .debug_ranges  0x00000000000006c0       0x40 build/obj/hal.o
 .debug_ranges  0x0000000000000700       0x50 build/obj/i2c.o
 .debug_ranges  0x0000000000000750       0x78 build/obj/serial.o
 .debug_ranges  0x00000000000007c8       0x88 build/obj/spi.o
 .debug_ranges  0x0000000000000850       0x80 build/obj/tm.o
 .debug_ranges  0x00000000000008d0       0x68 build/obj/hal_lld.o
 .debug_ranges  0x0000000000000938       0x70 build/obj/pal_lld.o
 .debug_ranges  0x00000000000009a8       0xd0 build/obj/serial_lld.o
 .debug_ranges  0x0000000000000a78       0x78 build/obj/i2c_lld.o
 .debug_ranges  0x0000000000000af0      0x110 build/obj/spi_lld.o
 .debug_ranges  0x0000000000000c00       0x18 build/obj/bcm2835.o
 .debug_ranges  0x0000000000000c18       0x10 build/obj/board.o
 .debug_ranges  0x0000000000000c28       0xa8 build/obj/chprintf.o
 .debug_ranges  0x0000000000000cd0       0x18 build/obj/main.o

.debug_line     0x0000000000000000     0x7040
 .debug_line    0x0000000000000000      0x25e build/obj/chsys.o
 .debug_line    0x000000000000025e      0x264 build/obj/chvt.o
 .debug_line    0x00000000000004c2      0x715 build/obj/chschd.o
 .debug_line    0x0000000000000bd7      0x684 build/obj/chthreads.o
 .debug_line    0x000000000000125b      0x20b build/obj/chdynamic.o
 .debug_line    0x0000000000001466      0x1ba build/obj/chregistry.o
 .debug_line    0x0000000000001620      0x739 build/obj/chmtx.o
 .debug_line    0x0000000000001d59      0x6fd build/obj/chevents.o
 .debug_line    0x0000000000002456      0x76b build/obj/chqueues.o
 .debug_line    0x0000000000002bc1      0x220 build/obj/chmemcore.o
 .debug_line    0x0000000000002de1      0x408 build/obj/chheap.o
 .debug_line    0x00000000000031e9      0x2f5 build/obj/hal.o
 .debug_line    0x00000000000034de      0x3b3 build/obj/i2c.o
 .debug_line    0x0000000000003891      0x412 build/obj/serial.o
 .debug_line    0x0000000000003ca3      0x575 build/obj/spi.o
 .debug_line    0x0000000000004218      0x30d build/obj/tm.o
 .debug_line    0x0000000000004525      0x33b build/obj/hal_lld.o
 .debug_line    0x0000000000004860      0x399 build/obj/pal_lld.o
 .debug_line    0x0000000000004bf9      0x599 build/obj/serial_lld.o
 .debug_line    0x0000000000005192      0x5f2 build/obj/i2c_lld.o
 .debug_line    0x0000000000005784      0x6da build/obj/spi_lld.o
 .debug_line    0x0000000000005e5e      0x11a build/obj/bcm2835.o
 .debug_line    0x0000000000005f78      0x1db build/obj/board.o
 .debug_line    0x0000000000006153      0x6ff build/obj/chprintf.o
 .debug_line    0x0000000000006852      0x2d4 build/obj/main.o
 .debug_line    0x0000000000006b26       0xf2 /usr/lib/gcc/arm-none-eabi/9.2.1/libgcc.a(_arm_muldf3.o)
 .debug_line    0x0000000000006c18       0x74 /usr/lib/gcc/arm-none-eabi/9.2.1/libgcc.a(_udivsi3.o)
 .debug_line    0x0000000000006c8c       0x57 /usr/lib/gcc/arm-none-eabi/9.2.1/libgcc.a(_dvmd_tls.o)
 .debug_line    0x0000000000006ce3      0x166 /usr/lib/gcc/arm-none-eabi/9.2.1/libgcc.a(_arm_addsubdf3.o)
 .debug_line    0x0000000000006e49       0x6e /usr/lib/gcc/arm-none-eabi/9.2.1/libgcc.a(_arm_fixdfsi.o)
 .debug_line    0x0000000000006eb7       0x7f /usr/lib/gcc/arm-none-eabi/9.2.1/libgcc.a(_arm_truncdfsf2.o)
 .debug_line    0x0000000000006f36       0x9c /usr/lib/gcc/arm-none-eabi/9.2.1/libgcc.a(_arm_cmpsf2.o)
 .debug_line    0x0000000000006fd2       0x6e /usr/lib/gcc/arm-none-eabi/9.2.1/libgcc.a(_arm_fixsfsi.o)

.debug_str      0x0000000000000000     0x1882
 .debug_str     0x0000000000000000      0x51f build/obj/chsys.o
                                        0x56f (size before relaxing)
 .debug_str     0x000000000000051f       0x49 build/obj/chvt.o
                                        0x528 (size before relaxing)
 .debug_str     0x0000000000000568      0x10f build/obj/chschd.o
                                        0x610 (size before relaxing)
 .debug_str     0x0000000000000677       0xd7 build/obj/chthreads.o
                                        0x63d (size before relaxing)
 .debug_str     0x000000000000074e       0xa2 build/obj/chdynamic.o
                                        0x5c2 (size before relaxing)
 .debug_str     0x00000000000007f0       0x3f build/obj/chregistry.o
                                        0x51e (size before relaxing)
 .debug_str     0x000000000000082f       0x87 build/obj/chmtx.o
                                        0x5ad (size before relaxing)
 .debug_str     0x00000000000008b6      0x1b6 build/obj/chevents.o
                                        0x6d1 (size before relaxing)
 .debug_str     0x0000000000000a6c      0x123 build/obj/chqueues.o
                                        0x638 (size before relaxing)
 .debug_str     0x0000000000000b8f       0x6d build/obj/chmemcore.o
                                        0x54f (size before relaxing)
 .debug_str     0x0000000000000bfc       0x45 build/obj/chheap.o
                                        0x5bc (size before relaxing)
 .debug_str     0x0000000000000c41      0x38f build/obj/hal.o
                                        0x953 (size before relaxing)
 .debug_str     0x0000000000000fd0       0xf9 build/obj/i2c.o
                                        0x9d5 (size before relaxing)
 .debug_str     0x00000000000010c9       0x9e build/obj/serial.o
                                        0xa04 (size before relaxing)
 .debug_str     0x0000000000001167      0x155 build/obj/spi.o
                                        0xa37 (size before relaxing)
 .debug_str     0x00000000000012bc       0x64 build/obj/tm.o
                                        0x92d (size before relaxing)
 .debug_str     0x0000000000001320       0xfd build/obj/hal_lld.o
                                        0x9d1 (size before relaxing)
 .debug_str     0x000000000000141d       0xaf build/obj/pal_lld.o
                                        0x978 (size before relaxing)
 .debug_str     0x00000000000014cc       0xd4 build/obj/serial_lld.o
                                        0x9dd (size before relaxing)
 .debug_str     0x00000000000015a0       0x42 build/obj/i2c_lld.o
                                        0x9c4 (size before relaxing)
 .debug_str     0x00000000000015e2       0x51 build/obj/spi_lld.o
                                        0x9c1 (size before relaxing)
 .debug_str     0x0000000000001633       0x48 build/obj/bcm2835.o
                                        0x224 (size before relaxing)
 .debug_str     0x000000000000167b       0x23 build/obj/board.o
                                        0x8ce (size before relaxing)
 .debug_str     0x000000000000169e       0xe7 build/obj/chprintf.o
                                        0x5d0 (size before relaxing)
 .debug_str     0x0000000000001785       0x23 build/obj/main.o
                                        0x955 (size before relaxing)
 .debug_str     0x00000000000017a8       0x8b /usr/lib/gcc/arm-none-eabi/9.2.1/libgcc.a(_arm_muldf3.o)
 .debug_str     0x0000000000001833       0x27 /usr/lib/gcc/arm-none-eabi/9.2.1/libgcc.a(_udivsi3.o)
                                         0x8a (size before relaxing)
 .debug_str     0x000000000000185a       0x8a /usr/lib/gcc/arm-none-eabi/9.2.1/libgcc.a(_dvmd_tls.o)
 .debug_str     0x000000000000185a       0x8b /usr/lib/gcc/arm-none-eabi/9.2.1/libgcc.a(_arm_addsubdf3.o)
 .debug_str     0x000000000000185a       0x8b /usr/lib/gcc/arm-none-eabi/9.2.1/libgcc.a(_arm_fixdfsi.o)
 .debug_str     0x000000000000185a       0x8b /usr/lib/gcc/arm-none-eabi/9.2.1/libgcc.a(_arm_truncdfsf2.o)
 .debug_str     0x000000000000185a       0x28 /usr/lib/gcc/arm-none-eabi/9.2.1/libgcc.a(_arm_cmpsf2.o)
                                         0x8b (size before relaxing)
 .debug_str     0x0000000000001882       0x8b /usr/lib/gcc/arm-none-eabi/9.2.1/libgcc.a(_arm_fixsfsi.o)

.debug_frame    0x0000000000000000     0x135c
 .debug_frame   0x0000000000000000       0x58 build/obj/chsys.o
 .debug_frame   0x0000000000000058       0x50 build/obj/chvt.o
 .debug_frame   0x00000000000000a8      0x110 build/obj/chschd.o
 .debug_frame   0x00000000000001b8      0x144 build/obj/chthreads.o
 .debug_frame   0x00000000000002fc       0x54 build/obj/chdynamic.o
 .debug_frame   0x0000000000000350       0x38 build/obj/chregistry.o
 .debug_frame   0x0000000000000388       0xcc build/obj/chmtx.o
 .debug_frame   0x0000000000000454      0x1a8 build/obj/chevents.o
 .debug_frame   0x00000000000005fc      0x140 build/obj/chqueues.o
 .debug_frame   0x000000000000073c       0x50 build/obj/chmemcore.o
 .debug_frame   0x000000000000078c       0x98 build/obj/chheap.o
 .debug_frame   0x0000000000000824       0x4c build/obj/hal.o
 .debug_frame   0x0000000000000870       0xd4 build/obj/i2c.o
 .debug_frame   0x0000000000000944      0x134 build/obj/serial.o
 .debug_frame   0x0000000000000a78      0x170 build/obj/spi.o
 .debug_frame   0x0000000000000be8       0x60 build/obj/tm.o
 .debug_frame   0x0000000000000c48       0x78 build/obj/hal_lld.o
 .debug_frame   0x0000000000000cc0       0xac build/obj/pal_lld.o
 .debug_frame   0x0000000000000d6c       0xd4 build/obj/serial_lld.o
 .debug_frame   0x0000000000000e40       0xe0 build/obj/i2c_lld.o
 .debug_frame   0x0000000000000f20       0xfc build/obj/spi_lld.o
 .debug_frame   0x000000000000101c       0x40 build/obj/bcm2835.o
 .debug_frame   0x000000000000105c       0x20 build/obj/board.o
 .debug_frame   0x000000000000107c       0x5c build/obj/chprintf.o
 .debug_frame   0x00000000000010d8       0x54 build/obj/main.o
 .debug_frame   0x000000000000112c       0x30 /usr/lib/gcc/arm-none-eabi/9.2.1/libgcc.a(_arm_muldf3.o)
 .debug_frame   0x000000000000115c       0x20 /usr/lib/gcc/arm-none-eabi/9.2.1/libgcc.a(_udivsi3.o)
 .debug_frame   0x000000000000117c       0xac /usr/lib/gcc/arm-none-eabi/9.2.1/libgcc.a(_arm_addsubdf3.o)
 .debug_frame   0x0000000000001228       0x24 /usr/lib/gcc/arm-none-eabi/9.2.1/libgcc.a(_arm_fixdfsi.o)
 .debug_frame   0x000000000000124c       0x24 /usr/lib/gcc/arm-none-eabi/9.2.1/libgcc.a(_arm_truncdfsf2.o)
 .debug_frame   0x0000000000001270       0xc8 /usr/lib/gcc/arm-none-eabi/9.2.1/libgcc.a(_arm_cmpsf2.o)
 .debug_frame   0x0000000000001338       0x24 /usr/lib/gcc/arm-none-eabi/9.2.1/libgcc.a(_arm_fixsfsi.o)

Cross Reference Table

Symbol                                            File
AbortHandler                                      build/obj/vectors.o
FiqHandler                                        build/obj/vectors.o
I2C0                                              build/obj/i2c_lld.o
                                                  build/obj/hal_lld.o
I2C1                                              build/obj/i2c_lld.o
IOPORT0                                           build/obj/pal_lld.o
IOPORT1                                           build/obj/pal_lld.o
IrqHandler                                        build/obj/hal_lld.o
                                                  build/obj/vectors.o
PrefetchHandler                                   build/obj/vectors.o
ResetHandler                                      build/obj/crt0.o
                                                  build/obj/vectors.o
SD1                                               build/obj/serial_lld.o
                                                  build/obj/main.o
                                                  build/obj/hal_lld.o
SPI0                                              build/obj/spi_lld.o
                                                  build/obj/hal_lld.o
SwiHandler                                        build/obj/vectors.o
TestThread                                        build/obj/test.o
UndHandler                                        build/obj/vectors.o
__abt_stack_size__                                build/obj/crt0.o
__adddf3                                          /usr/lib/gcc/arm-none-eabi/9.2.1/libgcc.a(_arm_addsubdf3.o)
__aeabi_cfcmpeq                                   /usr/lib/gcc/arm-none-eabi/9.2.1/libgcc.a(_arm_cmpsf2.o)
__aeabi_cfcmple                                   /usr/lib/gcc/arm-none-eabi/9.2.1/libgcc.a(_arm_cmpsf2.o)
__aeabi_cfrcmple                                  /usr/lib/gcc/arm-none-eabi/9.2.1/libgcc.a(_arm_cmpsf2.o)
__aeabi_d2f                                       /usr/lib/gcc/arm-none-eabi/9.2.1/libgcc.a(_arm_truncdfsf2.o)
                                                  build/obj/chprintf.o
__aeabi_d2iz                                      /usr/lib/gcc/arm-none-eabi/9.2.1/libgcc.a(_arm_fixdfsi.o)
                                                  build/obj/chprintf.o
__aeabi_dadd                                      /usr/lib/gcc/arm-none-eabi/9.2.1/libgcc.a(_arm_addsubdf3.o)
__aeabi_dmul                                      /usr/lib/gcc/arm-none-eabi/9.2.1/libgcc.a(_arm_muldf3.o)
                                                  build/obj/chprintf.o
__aeabi_drsub                                     /usr/lib/gcc/arm-none-eabi/9.2.1/libgcc.a(_arm_addsubdf3.o)
__aeabi_dsub                                      /usr/lib/gcc/arm-none-eabi/9.2.1/libgcc.a(_arm_addsubdf3.o)
                                                  build/obj/chprintf.o
__aeabi_f2d                                       /usr/lib/gcc/arm-none-eabi/9.2.1/libgcc.a(_arm_addsubdf3.o)
                                                  build/obj/chprintf.o
__aeabi_f2iz                                      /usr/lib/gcc/arm-none-eabi/9.2.1/libgcc.a(_arm_fixsfsi.o)
                                                  build/obj/chprintf.o
__aeabi_fcmpeq                                    /usr/lib/gcc/arm-none-eabi/9.2.1/libgcc.a(_arm_cmpsf2.o)
__aeabi_fcmpge                                    /usr/lib/gcc/arm-none-eabi/9.2.1/libgcc.a(_arm_cmpsf2.o)
__aeabi_fcmpgt                                    /usr/lib/gcc/arm-none-eabi/9.2.1/libgcc.a(_arm_cmpsf2.o)
__aeabi_fcmple                                    /usr/lib/gcc/arm-none-eabi/9.2.1/libgcc.a(_arm_cmpsf2.o)
__aeabi_fcmplt                                    /usr/lib/gcc/arm-none-eabi/9.2.1/libgcc.a(_arm_cmpsf2.o)
                                                  build/obj/chprintf.o
__aeabi_i2d                                       /usr/lib/gcc/arm-none-eabi/9.2.1/libgcc.a(_arm_addsubdf3.o)
                                                  build/obj/chprintf.o
__aeabi_idiv0                                     /usr/lib/gcc/arm-none-eabi/9.2.1/libgcc.a(_dvmd_tls.o)
                                                  /usr/lib/gcc/arm-none-eabi/9.2.1/libgcc.a(_udivsi3.o)
__aeabi_l2d                                       /usr/lib/gcc/arm-none-eabi/9.2.1/libgcc.a(_arm_addsubdf3.o)
__aeabi_ldiv0                                     /usr/lib/gcc/arm-none-eabi/9.2.1/libgcc.a(_dvmd_tls.o)
__aeabi_ui2d                                      /usr/lib/gcc/arm-none-eabi/9.2.1/libgcc.a(_arm_addsubdf3.o)
__aeabi_uidiv                                     /usr/lib/gcc/arm-none-eabi/9.2.1/libgcc.a(_udivsi3.o)
                                                  build/obj/i2c_lld.o
                                                  build/obj/serial_lld.o
__aeabi_uidivmod                                  /usr/lib/gcc/arm-none-eabi/9.2.1/libgcc.a(_udivsi3.o)
                                                  build/obj/chprintf.o
__aeabi_ul2d                                      /usr/lib/gcc/arm-none-eabi/9.2.1/libgcc.a(_arm_addsubdf3.o)
__cmpsf2                                          /usr/lib/gcc/arm-none-eabi/9.2.1/libgcc.a(_arm_cmpsf2.o)
__early_init                                      build/obj/vectors.o
                                                  build/obj/crt0.o
__eqsf2                                           /usr/lib/gcc/arm-none-eabi/9.2.1/libgcc.a(_arm_cmpsf2.o)
__extendsfdf2                                     /usr/lib/gcc/arm-none-eabi/9.2.1/libgcc.a(_arm_addsubdf3.o)
__fiq_stack_size__                                build/obj/crt0.o
__fixdfsi                                         /usr/lib/gcc/arm-none-eabi/9.2.1/libgcc.a(_arm_fixdfsi.o)
__fixsfsi                                         /usr/lib/gcc/arm-none-eabi/9.2.1/libgcc.a(_arm_fixsfsi.o)
__floatdidf                                       /usr/lib/gcc/arm-none-eabi/9.2.1/libgcc.a(_arm_addsubdf3.o)
__floatsidf                                       /usr/lib/gcc/arm-none-eabi/9.2.1/libgcc.a(_arm_addsubdf3.o)
__floatundidf                                     /usr/lib/gcc/arm-none-eabi/9.2.1/libgcc.a(_arm_addsubdf3.o)
__floatunsidf                                     /usr/lib/gcc/arm-none-eabi/9.2.1/libgcc.a(_arm_addsubdf3.o)
__gesf2                                           /usr/lib/gcc/arm-none-eabi/9.2.1/libgcc.a(_arm_cmpsf2.o)
__gtsf2                                           /usr/lib/gcc/arm-none-eabi/9.2.1/libgcc.a(_arm_cmpsf2.o)
__heap_base__                                     build/obj/chmemcore.o
__heap_end__                                      build/obj/chmemcore.o
__irq_stack_size__                                build/obj/crt0.o
__lesf2                                           /usr/lib/gcc/arm-none-eabi/9.2.1/libgcc.a(_arm_cmpsf2.o)
__ltsf2                                           /usr/lib/gcc/arm-none-eabi/9.2.1/libgcc.a(_arm_cmpsf2.o)
__muldf3                                          /usr/lib/gcc/arm-none-eabi/9.2.1/libgcc.a(_arm_muldf3.o)
__nesf2                                           /usr/lib/gcc/arm-none-eabi/9.2.1/libgcc.a(_arm_cmpsf2.o)
__ram_end__                                       build/obj/crt0.o
__subdf3                                          /usr/lib/gcc/arm-none-eabi/9.2.1/libgcc.a(_arm_addsubdf3.o)
__svc_stack_size__                                build/obj/crt0.o
__truncdfsf2                                      /usr/lib/gcc/arm-none-eabi/9.2.1/libgcc.a(_arm_truncdfsf2.o)
__udivsi3                                         /usr/lib/gcc/arm-none-eabi/9.2.1/libgcc.a(_udivsi3.o)
__und_stack_size__                                build/obj/crt0.o
_bss_end                                          build/obj/crt0.o
_bss_start                                        build/obj/crt0.o
_core_init                                        build/obj/chmemcore.o
                                                  build/obj/chsys.o
_ctype_                                           /usr/lib/gcc/arm-none-eabi/9.2.1/../../../arm-none-eabi/lib/libc.a(lib_a-ctype_.o)
                                                  /usr/lib/gcc/arm-none-eabi/9.2.1/../../../arm-none-eabi/lib/libc.a(lib_a-strcasecmp.o)
_heap_init                                        build/obj/chheap.o
                                                  build/obj/chsys.o
_idle_thread                                      build/obj/chsys.o
_idle_thread_wa                                   build/obj/chsys.o
_main_exit_handler                                build/obj/crt0.o
_pal_lld_init                                     build/obj/pal_lld.o
                                                  build/obj/hal.o
_pal_lld_setgroupmode                             build/obj/pal_lld.o
                                                  build/obj/pal.o
_pal_lld_writeport                                build/obj/pal_lld.o
                                                  build/obj/pal.o
_port_irq_common                                  build/obj/chcoreasm.o
                                                  build/obj/hal_lld.o
_port_switch_arm                                  build/obj/chcoreasm.o
                                                  build/obj/chschd.o
_port_thread_start                                build/obj/chcoreasm.o
                                                  build/obj/chthreads.o
_scheduler_init                                   build/obj/chschd.o
                                                  build/obj/chsys.o
_test_assert                                      build/obj/test.o
                                                  build/obj/testqueues.o
                                                  build/obj/testdyn.o
                                                  build/obj/testheap.o
                                                  build/obj/testevt.o
                                                  build/obj/testmbox.o
                                                  build/obj/testmtx.o
                                                  build/obj/testsem.o
                                                  build/obj/testthd.o
_test_assert_sequence                             build/obj/test.o
                                                  build/obj/testqueues.o
                                                  build/obj/testdyn.o
                                                  build/obj/testevt.o
                                                  build/obj/testmbox.o
                                                  build/obj/testmsg.o
                                                  build/obj/testmtx.o
                                                  build/obj/testsem.o
                                                  build/obj/testthd.o
_test_assert_time_window                          build/obj/test.o
                                                  build/obj/testevt.o
                                                  build/obj/testmtx.o
                                                  build/obj/testsem.o
                                                  build/obj/testthd.o
_test_fail                                        build/obj/test.o
_thread_init                                      build/obj/chthreads.o
                                                  build/obj/chsys.o
_unhandled_exception                              build/obj/vectors.o
_vt_init                                          build/obj/chvt.o
                                                  build/obj/chsys.o
arm_enable_irq                                    build/obj/vectors.o
bcm2835_delay                                     build/obj/bcm2835.o
                                                  build/obj/serial_lld.o
                                                  build/obj/pal_lld.o
bcm2835_gpio_fnsel                                build/obj/bcm2835.o
                                                  build/obj/spi_lld.o
                                                  build/obj/i2c_lld.o
                                                  build/obj/serial_lld.o
                                                  build/obj/pal_lld.o
boardInit                                         build/obj/board.o
                                                  build/obj/hal.o
chCondBroadcast                                   build/obj/chcond.o
                                                  build/obj/testmtx.o
chCondBroadcastI                                  build/obj/chcond.o
chCondInit                                        build/obj/chcond.o
                                                  build/obj/testmtx.o
chCondSignal                                      build/obj/chcond.o
                                                  build/obj/testmtx.o
chCondSignalI                                     build/obj/chcond.o
                                                  build/obj/testmtx.o
chCondWait                                        build/obj/chcond.o
                                                  build/obj/testmtx.o
chCondWaitS                                       build/obj/chcond.o
chCondWaitTimeout                                 build/obj/chcond.o
                                                  build/obj/testmtx.o
chCondWaitTimeoutS                                build/obj/chcond.o
chCoreAlloc                                       build/obj/chmemcore.o
                                                  build/obj/chheap.o
chCoreAllocI                                      build/obj/chmemcore.o
chCoreStatus                                      build/obj/chmemcore.o
                                                  build/obj/testheap.o
chEvtAddEvents                                    build/obj/chevents.o
                                                  build/obj/testevt.o
chEvtBroadcastFlags                               build/obj/chevents.o
                                                  build/obj/testevt.o
chEvtBroadcastFlagsI                              build/obj/chevents.o
                                                  build/obj/shell.o
                                                  build/obj/serial.o
chEvtDispatch                                     build/obj/chevents.o
                                                  build/obj/testevt.o
chEvtGetAndClearEvents                            build/obj/chevents.o
                                                  build/obj/testevt.o
chEvtGetAndClearFlags                             build/obj/chevents.o
chEvtGetAndClearFlagsI                            build/obj/chevents.o
chEvtRegisterMask                                 build/obj/chevents.o
                                                  build/obj/testevt.o
chEvtSignal                                       build/obj/chevents.o
                                                  build/obj/testevt.o
chEvtSignalI                                      build/obj/chevents.o
chEvtUnregister                                   build/obj/chevents.o
                                                  build/obj/testevt.o
chEvtWaitAll                                      build/obj/chevents.o
                                                  build/obj/testevt.o
chEvtWaitAllTimeout                               build/obj/chevents.o
                                                  build/obj/testevt.o
chEvtWaitAny                                      build/obj/chevents.o
                                                  build/obj/testevt.o
chEvtWaitAnyTimeout                               build/obj/chevents.o
                                                  build/obj/testevt.o
chEvtWaitOne                                      build/obj/chevents.o
                                                  build/obj/testevt.o
chEvtWaitOneTimeout                               build/obj/chevents.o
                                                  build/obj/testevt.o
chHeapAlloc                                       build/obj/chheap.o
                                                  build/obj/testdyn.o
                                                  build/obj/testheap.o
                                                  build/obj/chdynamic.o
chHeapFree                                        build/obj/chheap.o
                                                  build/obj/testdyn.o
                                                  build/obj/testheap.o
                                                  build/obj/chdynamic.o
chHeapInit                                        build/obj/chheap.o
                                                  build/obj/testdyn.o
                                                  build/obj/testheap.o
chHeapStatus                                      build/obj/chheap.o
                                                  build/obj/testdyn.o
                                                  build/obj/testheap.o
chIQGetTimeout                                    build/obj/chqueues.o
                                                  build/obj/serial.o
                                                  build/obj/testbmk.o
                                                  build/obj/testqueues.o
chIQInit                                          build/obj/chqueues.o
                                                  build/obj/serial.o
                                                  build/obj/testbmk.o
                                                  build/obj/testqueues.o
chIQPutI                                          build/obj/chqueues.o
                                                  build/obj/serial.o
                                                  build/obj/testbmk.o
                                                  build/obj/testqueues.o
chIQReadTimeout                                   build/obj/chqueues.o
                                                  build/obj/serial.o
                                                  build/obj/testqueues.o
chIQResetI                                        build/obj/chqueues.o
                                                  build/obj/serial.o
                                                  build/obj/testqueues.o
chMBFetch                                         build/obj/chmboxes.o
                                                  build/obj/testmbox.o
chMBFetchI                                        build/obj/chmboxes.o
                                                  build/obj/testmbox.o
chMBFetchS                                        build/obj/chmboxes.o
chMBInit                                          build/obj/chmboxes.o
                                                  build/obj/testmbox.o
chMBPost                                          build/obj/chmboxes.o
                                                  build/obj/testmbox.o
chMBPostAhead                                     build/obj/chmboxes.o
                                                  build/obj/testmbox.o
chMBPostAheadI                                    build/obj/chmboxes.o
                                                  build/obj/testmbox.o
chMBPostAheadS                                    build/obj/chmboxes.o
chMBPostI                                         build/obj/chmboxes.o
                                                  build/obj/testmbox.o
chMBPostS                                         build/obj/chmboxes.o
chMBReset                                         build/obj/chmboxes.o
                                                  build/obj/testmbox.o
chMsgRelease                                      build/obj/chmsg.o
                                                  build/obj/testbmk.o
                                                  build/obj/testmsg.o
chMsgSend                                         build/obj/chmsg.o
                                                  build/obj/testbmk.o
                                                  build/obj/testmsg.o
chMsgWait                                         build/obj/chmsg.o
                                                  build/obj/testbmk.o
                                                  build/obj/testmsg.o
chMtxInit                                         build/obj/chmtx.o
                                                  build/obj/spi.o
                                                  build/obj/i2c.o
                                                  build/obj/testbmk.o
                                                  build/obj/testmtx.o
                                                  build/obj/chheap.o
chMtxLock                                         build/obj/chmtx.o
                                                  build/obj/spi.o
                                                  build/obj/i2c.o
                                                  build/obj/testbmk.o
                                                  build/obj/testmtx.o
                                                  build/obj/chheap.o
chMtxLockS                                        build/obj/chmtx.o
                                                  build/obj/chcond.o
chMtxTryLock                                      build/obj/chmtx.o
                                                  build/obj/testmtx.o
chMtxTryLockS                                     build/obj/chmtx.o
chMtxUnlock                                       build/obj/chmtx.o
                                                  build/obj/spi.o
                                                  build/obj/i2c.o
                                                  build/obj/testbmk.o
                                                  build/obj/testmtx.o
                                                  build/obj/chheap.o
chMtxUnlockAll                                    build/obj/chmtx.o
                                                  build/obj/testmtx.o
chMtxUnlockS                                      build/obj/chmtx.o
                                                  build/obj/testmtx.o
                                                  build/obj/chcond.o
chOQGetI                                          build/obj/chqueues.o
                                                  build/obj/serial.o
                                                  build/obj/testqueues.o
chOQInit                                          build/obj/chqueues.o
                                                  build/obj/serial.o
                                                  build/obj/testqueues.o
chOQPutTimeout                                    build/obj/chqueues.o
                                                  build/obj/main.o
                                                  build/obj/serial.o
                                                  build/obj/testqueues.o
chOQResetI                                        build/obj/chqueues.o
                                                  build/obj/serial.o
                                                  build/obj/testqueues.o
chOQWriteTimeout                                  build/obj/chqueues.o
                                                  build/obj/serial.o
                                                  build/obj/testqueues.o
chRegFirstThread                                  build/obj/chregistry.o
                                                  build/obj/testdyn.o
chRegNextThread                                   build/obj/chregistry.o
                                                  build/obj/testdyn.o
chSchDoReschedule                                 build/obj/chschd.o
                                                  build/obj/chcoreasm.o
chSchDoRescheduleAhead                            build/obj/chschd.o
chSchDoRescheduleBehind                           build/obj/chschd.o
                                                  build/obj/chthreads.o
chSchGoSleepS                                     build/obj/chschd.o
                                                  build/obj/i2c_lld.o
                                                  build/obj/spi.o
                                                  build/obj/testbmk.o
                                                  build/obj/chmsg.o
                                                  build/obj/chevents.o
                                                  build/obj/chcond.o
                                                  build/obj/chmtx.o
                                                  build/obj/chsem.o
                                                  build/obj/chthreads.o
chSchGoSleepTimeoutS                              build/obj/chschd.o
                                                  build/obj/chqueues.o
                                                  build/obj/chevents.o
                                                  build/obj/chcond.o
                                                  build/obj/chsem.o
                                                  build/obj/chthreads.o
chSchIsPreemptionRequired                         build/obj/chschd.o
                                                  build/obj/chcoreasm.o
chSchReadyI                                       build/obj/chschd.o
                                                  build/obj/spi_lld.o
                                                  build/obj/i2c_lld.o
                                                  build/obj/chqueues.o
                                                  build/obj/chmsg.o
                                                  build/obj/chevents.o
                                                  build/obj/chcond.o
                                                  build/obj/chmtx.o
                                                  build/obj/chsem.o
                                                  build/obj/chthreads.o
chSchRescheduleS                                  build/obj/chschd.o
                                                  build/obj/serial.o
                                                  build/obj/testmtx.o
                                                  build/obj/testsem.o
                                                  build/obj/chmboxes.o
                                                  build/obj/chevents.o
                                                  build/obj/chcond.o
                                                  build/obj/chmtx.o
                                                  build/obj/chsem.o
                                                  build/obj/chthreads.o
chSchWakeupS                                      build/obj/chschd.o
                                                  build/obj/testbmk.o
                                                  build/obj/chmsg.o
                                                  build/obj/chcond.o
                                                  build/obj/chmtx.o
                                                  build/obj/chsem.o
                                                  build/obj/chdynamic.o
                                                  build/obj/chthreads.o
chSemAddCounterI                                  build/obj/chsem.o
                                                  build/obj/testsem.o
chSemInit                                         build/obj/chsem.o
                                                  build/obj/testbmk.o
                                                  build/obj/testsem.o
                                                  build/obj/chmboxes.o
chSemReset                                        build/obj/chsem.o
                                                  build/obj/testbmk.o
                                                  build/obj/testsem.o
chSemResetI                                       build/obj/chsem.o
                                                  build/obj/chmboxes.o
chSemSignal                                       build/obj/chsem.o
                                                  build/obj/testbmk.o
                                                  build/obj/testsem.o
chSemSignalI                                      build/obj/chsem.o
                                                  build/obj/testsem.o
                                                  build/obj/chmboxes.o
chSemSignalWait                                   build/obj/chsem.o
                                                  build/obj/testsem.o
chSemWait                                         build/obj/chsem.o
                                                  build/obj/testbmk.o
                                                  build/obj/testsem.o
chSemWaitS                                        build/obj/chsem.o
chSemWaitTimeout                                  build/obj/chsem.o
                                                  build/obj/testsem.o
chSemWaitTimeoutS                                 build/obj/chsem.o
                                                  build/obj/chmboxes.o
chSysInit                                         build/obj/chsys.o
                                                  build/obj/main.o
chSysTimerHandlerI                                build/obj/chsys.o
                                                  build/obj/hal_lld.o
chThdAddRef                                       build/obj/chdynamic.o
                                                  build/obj/testdyn.o
chThdCreateFromHeap                               build/obj/chdynamic.o
                                                  build/obj/shell.o
                                                  build/obj/testdyn.o
chThdCreateI                                      build/obj/chthreads.o
                                                  build/obj/testthd.o
                                                  build/obj/chdynamic.o
chThdCreateStatic                                 build/obj/chthreads.o
                                                  build/obj/main.o
                                                  build/obj/shell.o
                                                  build/obj/testbmk.o
                                                  build/obj/testqueues.o
                                                  build/obj/testevt.o
                                                  build/obj/testmsg.o
                                                  build/obj/testmtx.o
                                                  build/obj/testsem.o
                                                  build/obj/testthd.o
                                                  build/obj/chsys.o
chThdExit                                         build/obj/chthreads.o
                                                  build/obj/chcoreasm.o
chThdExitS                                        build/obj/chthreads.o
                                                  build/obj/shell.o
chThdRelease                                      build/obj/chdynamic.o
                                                  build/obj/testdyn.o
                                                  build/obj/chregistry.o
                                                  build/obj/chthreads.o
chThdResume                                       build/obj/chthreads.o
                                                  build/obj/testthd.o
chThdSetPriority                                  build/obj/chthreads.o
                                                  build/obj/testthd.o
chThdSleep                                        build/obj/chthreads.o
                                                  build/obj/main.o
                                                  build/obj/testbmk.o
                                                  build/obj/testdyn.o
                                                  build/obj/testevt.o
                                                  build/obj/testmtx.o
                                                  build/obj/testsem.o
                                                  build/obj/testthd.o
                                                  build/obj/test.o
chThdSleepUntil                                   build/obj/chthreads.o
                                                  build/obj/testthd.o
chThdTerminate                                    build/obj/chthreads.o
                                                  build/obj/test.o
chThdWait                                         build/obj/chthreads.o
                                                  build/obj/main.o
                                                  build/obj/testbmk.o
                                                  build/obj/test.o
chThdYield                                        build/obj/chthreads.o
                                                  build/obj/testbmk.o
chTimeIsWithin                                    build/obj/chvt.o
                                                  build/obj/test.o
chVTResetI                                        build/obj/chvt.o
                                                  build/obj/i2c_lld.o
                                                  build/obj/testbmk.o
                                                  build/obj/chschd.o
chVTSetI                                          build/obj/chvt.o
                                                  build/obj/i2c_lld.o
                                                  build/obj/testbmk.o
                                                  build/obj/test.o
                                                  build/obj/chschd.o
ch_debug                                          build/obj/chregistry.o
                                                  build/obj/chsys.o
chprintf                                          build/obj/chprintf.o
                                                  build/obj/main.o
                                                  build/obj/shell.o
delayMicroseconds                                 build/obj/hal_lld.o
get_cpsr                                          build/obj/vectors.o
halInit                                           build/obj/hal.o
                                                  build/obj/main.o
halIsCounterWithin                                build/obj/hal.o
halPolledDelay                                    build/obj/hal.o
hal_lld_init                                      build/obj/hal_lld.o
                                                  build/obj/hal.o
i2cAcquireBus                                     build/obj/i2c.o
i2cGetErrors                                      build/obj/i2c.o
i2cInit                                           build/obj/i2c.o
                                                  build/obj/hal.o
i2cMasterReceiveTimeout                           build/obj/i2c.o
i2cMasterTransmitTimeout                          build/obj/i2c.o
i2cObjectInit                                     build/obj/i2c.o
                                                  build/obj/i2c_lld.o
i2cReleaseBus                                     build/obj/i2c.o
i2cStart                                          build/obj/i2c.o
i2cStop                                           build/obj/i2c.o
i2c_lld_init                                      build/obj/i2c_lld.o
                                                  build/obj/i2c.o
i2c_lld_master_receive_timeout                    build/obj/i2c_lld.o
                                                  build/obj/i2c.o
i2c_lld_master_transmit_timeout                   build/obj/i2c_lld.o
                                                  build/obj/i2c.o
i2c_lld_serve_interrupt                           build/obj/i2c_lld.o
                                                  build/obj/hal_lld.o
i2c_lld_start                                     build/obj/i2c_lld.o
                                                  build/obj/i2c.o
i2c_lld_stop                                      build/obj/i2c_lld.o
                                                  build/obj/i2c.o
main                                              build/obj/main.o
                                                  build/obj/crt0.o
mini_uart_recv                                    build/obj/serial_lld.o
mini_uart_send                                    build/obj/serial_lld.o
mini_uart_sendhex                                 build/obj/serial_lld.o
mini_uart_sendstr                                 build/obj/serial_lld.o
palReadBus                                        build/obj/pal.o
palSetBusMode                                     build/obj/pal.o
palWriteBus                                       build/obj/pal.o
pal_default_config                                build/obj/board.o
                                                  build/obj/hal.o
patternbmk                                        build/obj/testbmk.o
                                                  build/obj/test.o
patterndyn                                        build/obj/testdyn.o
                                                  build/obj/test.o
patternevt                                        build/obj/testevt.o
                                                  build/obj/test.o
patternheap                                       build/obj/testheap.o
                                                  build/obj/test.o
patternmbox                                       build/obj/testmbox.o
                                                  build/obj/test.o
patternmsg                                        build/obj/testmsg.o
                                                  build/obj/test.o
patternmtx                                        build/obj/testmtx.o
                                                  build/obj/test.o
patternpools                                      build/obj/testpools.o
                                                  build/obj/test.o
patternqueues                                     build/obj/testqueues.o
                                                  build/obj/test.o
patternsem                                        build/obj/testsem.o
                                                  build/obj/test.o
patternthd                                        build/obj/testthd.o
                                                  build/obj/test.o
port_halt                                         build/obj/chcore.o
rlist                                             build/obj/chschd.o
                                                  build/obj/main.o
                                                  build/obj/shell.o
                                                  build/obj/i2c_lld.o
                                                  build/obj/spi.o
                                                  build/obj/testbmk.o
                                                  build/obj/testqueues.o
                                                  build/obj/testdyn.o
                                                  build/obj/testevt.o
                                                  build/obj/testmsg.o
                                                  build/obj/testmtx.o
                                                  build/obj/testsem.o
                                                  build/obj/testthd.o
                                                  build/obj/test.o
                                                  build/obj/chqueues.o
                                                  build/obj/chmsg.o
                                                  build/obj/chevents.o
                                                  build/obj/chcond.o
                                                  build/obj/chmtx.o
                                                  build/obj/chsem.o
                                                  build/obj/chregistry.o
                                                  build/obj/chthreads.o
                                                  build/obj/chsys.o
sdIncomingDataI                                   build/obj/serial.o
                                                  build/obj/serial_lld.o
sdInit                                            build/obj/serial.o
                                                  build/obj/hal.o
sdObjectInit                                      build/obj/serial.o
                                                  build/obj/serial_lld.o
sdRequestDataI                                    build/obj/serial.o
                                                  build/obj/serial_lld.o
sdStart                                           build/obj/serial.o
                                                  build/obj/main.o
sdStop                                            build/obj/serial.o
sd_lld_init                                       build/obj/serial_lld.o
                                                  build/obj/serial.o
sd_lld_serve_interrupt                            build/obj/serial_lld.o
                                                  build/obj/hal_lld.o
sd_lld_start                                      build/obj/serial_lld.o
                                                  build/obj/serial.o
sd_lld_stop                                       build/obj/serial_lld.o
                                                  build/obj/serial.o
shellCreate                                       build/obj/shell.o
shellCreateStatic                                 build/obj/shell.o
shellGetLine                                      build/obj/shell.o
shellInit                                         build/obj/shell.o
shell_terminated                                  build/obj/shell.o
spiAcquireBus                                     build/obj/spi.o
spiExchange                                       build/obj/spi.o
spiIgnore                                         build/obj/spi.o
spiInit                                           build/obj/spi.o
                                                  build/obj/hal.o
spiObjectInit                                     build/obj/spi.o
                                                  build/obj/spi_lld.o
spiReceive                                        build/obj/spi.o
spiReleaseBus                                     build/obj/spi.o
spiSelect                                         build/obj/spi.o
spiSend                                           build/obj/spi.o
spiStart                                          build/obj/spi.o